Microchip MPLAB XC8 Compiler V1.41 ()

Linker command line:

-W-3 --edf=C:\Program Files (x86)\Microchip\xc8\v1.41\dat\en_msgs.txt -cs \
  -h+dist/default/production\LCD_Driver.X.production.sym \
  --cmf=dist/default/production\LCD_Driver.X.production.cmf -z -Q16F877A \
  -oC:\Users\MOHAME~1\AppData\Local\Temp\s874.2 \
  -Mdist/default/production/LCD_Driver.X.production.map -E1 -ver=XC8 \
  -ASTACK=0110h-016fh -pstack=STACK -ACODE=00h-07FFhx4 -ASTRCODE=00h-01FFFh \
  -ASTRING=00h-0FFhx32 -ACONST=00h-0FFhx32 -AENTRY=00h-0FFhx32 \
  -ACOMMON=070h-07Fh -ABANK0=020h-06Fh -ABANK1=0A0h-0EFh \
  -ABANK2=0110h-016Fh -ABANK3=0190h-01EFh \
  -ARAM=020h-06Fh,0A0h-0EFh,0110h-016Fh,0190h-01EFh \
  -AABS1=020h-07Fh,0A0h-0EFh,0110h-016Fh,0190h-01EFh -ASFR0=00h-01Fh \
  -ASFR1=080h-09Fh -ASFR2=0100h-010Fh -ASFR3=0180h-018Fh \
  -preset_vec=00h,intentry,init,end_init -ppowerup=CODE -pcinit=CODE \
  -pfunctab=CODE -ACONFIG=02007h-02007h -pconfig=CONFIG -DCONFIG=2 \
  -AIDLOC=02000h-02003h -pidloc=IDLOC -DIDLOC=2 -AEEDATA=00h-0FFh/02100h \
  -peeprom_data=EEDATA -DEEDATA=2 -DCODE=2 -DSTRCODE=2 -DSTRING=2 -DCONST=2 \
  -DENTRY=2 -k C:\Users\MOHAME~1\AppData\Local\Temp\s874.obj \
  dist/default/production\LCD_Driver.X.production.obj 

Object code version is 3.11

Machine type is 16F877A



                Name                               Link     Load   Length Selector   Space Scale
C:\Users\MOHAME~1\AppData\Local\Temp\s874.obj
                end_init                              0        0        3        0       0
                config                             2007     2007        1     400E       0
dist/default/production\LCD_Driver.X.production.obj
                cinit                               7FC      7FC        4      FF8       0
                text9                               650      650       1A      CA0       0
                text8                               63A      63A       16      C74       0
                text7                               619      619        B      C32       0
                text6                               71A      71A       60      E34       0
                text5                               624      624        B      C48       0
                text4                               62F      62F        B      C5E       0
                text3                               68C      68C       43      D18       0
                text2                               66A      66A       22      CD4       0
                text1                               6CF      6CF       4B      D9E       0
                maintext                            77A      77A       82      EF4       0
                cstackBANK0                          20       20        4       20       1
                cstackCOMMON                         70       70        D       70       1
                strings                               3        3       24        6       0

TOTAL           Name                               Link     Load   Length     Space
        CLASS   STACK          

        CLASS   CODE           
                end_init                              0        0        3         0
                cinit                               7FC      7FC        4         0
                text9                               650      650       1A         0
                text8                               63A      63A       16         0
                text7                               619      619        B         0
                text6                               71A      71A       60         0
                text5                               624      624        B         0
                text4                               62F      62F        B         0
                text3                               68C      68C       43         0
                text2                               66A      66A       22         0
                text1                               6CF      6CF       4B         0
                maintext                            77A      77A       82         0

        CLASS   STRCODE        

        CLASS   STRING         
                strings                               3        3       24         0

        CLASS   CONST          

        CLASS   ENTRY          

        CLASS   COMMON         
                cstackCOMMON                         70       70        D         1

        CLASS   BANK0          
                cstackBANK0                          20       20        4         1

        CLASS   BANK1          

        CLASS   BANK2          

        CLASS   BANK3          

        CLASS   RAM            

        CLASS   ABS1           
                abs_s1                               7E       7E        2         1

        CLASS   SFR0           

        CLASS   SFR1           

        CLASS   SFR2           

        CLASS   SFR3           

        CLASS   CONFIG         
                config                             2007     2007        1         0

        CLASS   IDLOC          

        CLASS   EEDATA         



SEGMENTS        Name                           Load    Length   Top    Selector   Space  Class     Delta

                reset_vec                      000000  000003  000003         0       0  CODE        2
                strings                        000003  000024  000027         6       0  STRING      2
                cstackBANK0                    000020  000004  000024        20       1  BANK0       1
                cstackCOMMON                   000070  00000D  00007D        70       1  COMMON      1
                text7                          000619  00000B  000624       C32       0  CODE        2
                text5                          000624  00000B  00062F       C48       0  CODE        2
                text4                          00062F  00000B  00063A       C5E       0  CODE        2
                text8                          00063A  000016  000650       C74       0  CODE        2
                text9                          000650  00001A  00066A       CA0       0  CODE        2
                text2                          00066A  000022  00068C       CD4       0  CODE        2
                text3                          00068C  000043  0006CF       D18       0  CODE        2
                text1                          0006CF  00004B  00071A       D9E       0  CODE        2
                text6                          00071A  000060  00077A       E34       0  CODE        2
                maintext                       00077A  000082  0007FC       EF4       0  CODE        2
                cinit                          0007FC  000004  000800       FF8       0  CODE        2
                config                         002007  000001  002008      400E       0  CONFIG      2


UNUSED ADDRESS RANGES

        Name                Unused          Largest block    Delta
        BANK0            0024-006F             4C           1
        BANK1            00A0-00EF             50           1
        BANK2            0110-016F             60           1
        BANK3            0190-01EF             60           1
        CODE             0027-0618            5F2           2
                         0800-1FFF            800
        COMMON           007D-007D              1           1
        CONST            0027-0618            100           2
                         0800-1FFF            100
        EEDATA           2100-21FF            100           2
        ENTRY            0027-0618            100           2
                         0800-1FFF            100
        IDLOC            2000-2003              4           2
        RAM              0024-006F             4C           1
                         00A0-00EF             50
                         0110-016F             60
                         0190-01EF             60
        SFR0             0000-001F             20           1
        SFR1             0080-009F             20           1
        SFR2             0100-010F             10           1
        SFR3             0180-018F             10           1
        STACK            0110-016F             60           1
        STRCODE          0027-0618            5F2           2
                         0800-1FFF           1800
        STRING           0027-0618            100           2
                         0800-1FFF            100

                                  Symbol Table

LCD_Command@command        cstackCOMMON 0072
LCD_Data@Data              cstackCOMMON 0070
LCD_Write_Char@Data        cstackCOMMON 0074
LCD_Write_Char@High4       cstackCOMMON 0073
LCD_Write_Char@Low4        cstackCOMMON 0072
LCD_Write_String@Str       cstackCOMMON 0077
LCD_Write_String@i         cstackCOMMON 0075
LCD_set_cursor@c           cstackCOMMON 0073
LCD_set_cursor@high4       cstackCOMMON 0077
LCD_set_cursor@low4        cstackCOMMON 0078
LCD_set_cursor@r           cstackCOMMON 0076
LCD_set_cursor@temp        cstackCOMMON 0079
_LCD_Clear                 text7        0619
_LCD_Command               text8        063A
_LCD_Data                  text9        0650
_LCD_Init                  text6        071A
_LCD_RL                    text5        0624
_LCD_SL                    text4        062F
_LCD_Write_Char            text3        068C
_LCD_Write_String          text2        066A
_LCD_set_cursor            text1        06CF
_RB0                       (abs)        0030
_RB1                       (abs)        0031
_RB2                       (abs)        0032
_RB3                       (abs)        0033
_RB4                       (abs)        0034
_RB5                       (abs)        0035
_TRISB                     (abs)        0086
_TRISB4                    (abs)        0434
_TRISB5                    (abs)        0435
__CFG_BOREN$ON             (abs)        0000
__CFG_CP$OFF               (abs)        0000
__CFG_CPD$OFF              (abs)        0000
__CFG_FOSC$XT              (abs)        0000
__CFG_LVP$OFF              (abs)        0000
__CFG_PWRTE$ON             (abs)        0000
__CFG_WDTE$OFF             (abs)        0000
__CFG_WRT$OFF              (abs)        0000
__Habs1                    abs1         0000
__Hbank0                   bank0        0000
__Hbank1                   bank1        0000
__Hbank2                   bank2        0000
__Hbank3                   bank3        0000
__Hcinit                   cinit        0800
__Hclrtext                 clrtext      0000
__Hcode                    code         0000
__Hcommon                  common       0000
__Hconfig                  config       2008
__HcstackBANK0             cstackBANK0  0000
__HcstackCOMMON            cstackCOMMON 0000
__Heeprom_data             eeprom_data  0000
__Hend_init                end_init     0003
__Hfunctab                 functab      0000
__Hidloc                   idloc        0000
__Hinit                    init         0000
__Hintentry                intentry     0000
__Hmaintext                maintext     0000
__Hpowerup                 powerup      0000
__Hram                     ram          0000
__Hreset_vec               reset_vec    0000
__Hsfr0                    sfr0         0000
__Hsfr1                    sfr1         0000
__Hsfr2                    sfr2         0000
__Hsfr3                    sfr3         0000
__Hspace_0                 (abs)        2008
__Hspace_1                 (abs)        007D
__Hspace_2                 (abs)        0000
__Hspace_3                 (abs)        0000
__Hstack                   stack        0000
__Hstrings                 strings      0000
__Htext                    text         0000
__Labs1                    abs1         0000
__Lbank0                   bank0        0000
__Lbank1                   bank1        0000
__Lbank2                   bank2        0000
__Lbank3                   bank3        0000
__Lcinit                   cinit        07FC
__Lclrtext                 clrtext      0000
__Lcode                    code         0000
__Lcommon                  common       0000
__Lconfig                  config       2007
__LcstackBANK0             cstackBANK0  0000
__LcstackCOMMON            cstackCOMMON 0000
__Leeprom_data             eeprom_data  0000
__Lend_init                end_init     0000
__Lfunctab                 functab      0000
__Lidloc                   idloc        0000
__Linit                    init         0000
__Lintentry                intentry     0000
__Lmaintext                maintext     0000
__Lpowerup                 powerup      0000
__Lram                     ram          0000
__Lreset_vec               reset_vec    0000
__Lsfr0                    sfr0         0000
__Lsfr1                    sfr1         0000
__Lsfr2                    sfr2         0000
__Lsfr3                    sfr3         0000
__Lspace_0                 (abs)        0000
__Lspace_1                 (abs)        0000
__Lspace_2                 (abs)        0000
__Lspace_3                 (abs)        0000
__Lstack                   stack        0000
__Lstrings                 strings      0000
__Ltext                    text         0000
__S0                       (abs)        2008
__S1                       (abs)        007D
__S2                       (abs)        0000
__S3                       (abs)        0000
___int_sp                  stack        0000
___latbits                 (abs)        0002
___sp                      stack        0000
__end_of_LCD_Clear         text7        0624
__end_of_LCD_Command       text8        0650
__end_of_LCD_Data          text9        066A
__end_of_LCD_Init          text6        077A
__end_of_LCD_RL            text5        062F
__end_of_LCD_SL            text4        063A
__end_of_LCD_Write_Char    text3        06CF
__end_of_LCD_Write_String  text2        068C
__end_of_LCD_set_cursor    text1        071A
__end_of__initialization   cinit        07FC
__end_of__stringtab        strings      0009
__end_of_main              maintext     07FC
__initialization           cinit        07FC
__pcstackBANK0             cstackBANK0  0020
__pcstackCOMMON            cstackCOMMON 0070
__pmaintext                maintext     077A
__pstrings                 strings      0003
__ptext1                   text1        06CF
__ptext2                   text2        066A
__ptext3                   text3        068C
__ptext4                   text4        062F
__ptext5                   text5        0624
__ptext6                   text6        071A
__ptext7                   text7        0619
__ptext8                   text8        063A
__ptext9                   text9        0650
__size_of_LCD_Clear        (abs)        0000
__size_of_LCD_Command      (abs)        0000
__size_of_LCD_Data         (abs)        0000
__size_of_LCD_Init         (abs)        0000
__size_of_LCD_RL           (abs)        0000
__size_of_LCD_SL           (abs)        0000
__size_of_LCD_Write_Char   (abs)        0000
__size_of_LCD_Write_String (abs)        0000
__size_of_LCD_set_cursor   (abs)        0000
__size_of_main             (abs)        0000
__stringbase               strings      0008
__stringtab                strings      0003
_main                      maintext     077A
btemp                      (abs)        007E
end_of_initialization      cinit        07FC
intlevel0                  functab      0000
intlevel1                  functab      0000
intlevel2                  functab      0000
intlevel3                  functab      0000
intlevel4                  functab      0000
intlevel5                  functab      0000
main@i                     cstackBANK0  0020
main@i_83                  cstackBANK0  0022
reset_vec                  reset_vec    0000
stackhi                    (abs)        0000
stacklo                    (abs)        0000
start                      init         0000
start_initialization       cinit        07FC
wtemp0                     (abs)        007E


FUNCTION INFORMATION:

 *************** function _main *****************
 Defined at:
		line 13 in file "main.c"
 Parameters:    Size  Location     Type
		None
 Auto vars:     Size  Location     Type
  i               2    2[BANK0 ] int 
  i               2    0[BANK0 ] int 
 Return value:  Size  Location     Type
                  1    wreg      void 
 Registers used:
		wreg, fsr0l, fsr0h, status,2, status,0, btemp+1, pclath, cstack
 Tracked objects:
		On entry : 
		On exit  : 
		Unchanged: 
 Data sizes:     COMMON   BANK0   BANK1   BANK3   BANK2
      Params:         0       0       0       0       0
      Locals:         0       4       0       0       0
      Temps:          3       0       0       0       0
      Totals:         3       4       0       0       0
Total ram usage:        7 bytes
 Hardware stack levels required when called:    3
 This function calls:
		_LCD_Clear
		_LCD_Init
		_LCD_RL
		_LCD_SL
		_LCD_Write_String
		_LCD_set_cursor
 This function is called by:
		Startup code after reset
 This function uses a non-reentrant model


 *************** function _LCD_set_cursor *****************
 Defined at:
		line 77 in file "LCD.c"
 Parameters:    Size  Location     Type
  r               1    wreg     unsigned char 
  c               1    3[COMMON] unsigned char 
 Auto vars:     Size  Location     Type
  r               1    6[COMMON] unsigned char 
  temp            1    9[COMMON] unsigned char 
  low4            1    8[COMMON] unsigned char 
  high4           1    7[COMMON] unsigned char 
 Return value:  Size  Location     Type
                  1    wreg      void 
 Registers used:
		wreg, status,2, status,0, pclath, cstack
 Tracked objects:
		On entry : 
		On exit  : 
		Unchanged: 
 Data sizes:     COMMON   BANK0   BANK1   BANK3   BANK2
      Params:         1       0       0       0       0
      Locals:         4       0       0       0       0
      Temps:          2       0       0       0       0
      Totals:         7       0       0       0       0
Total ram usage:        7 bytes
 Hardware stack levels used:    1
 Hardware stack levels required when called:    2
 This function calls:
		_LCD_Command
 This function is called by:
		_main
 This function uses a non-reentrant model


 *************** function _LCD_Write_String *****************
 Defined at:
		line 71 in file "LCD.c"
 Parameters:    Size  Location     Type
  Str             1    wreg     PTR unsigned char 
		 -> STR_2(13), STR_1(17), 
 Auto vars:     Size  Location     Type
  Str             1    7[COMMON] PTR unsigned char 
		 -> STR_2(13), STR_1(17), 
  i               2    5[COMMON] int 
 Return value:  Size  Location     Type
                  1    wreg      void 
 Registers used:
		wreg, fsr0l, fsr0h, status,2, status,0, pclath, cstack
 Tracked objects:
		On entry : 
		On exit  : 
		Unchanged: 
 Data sizes:     COMMON   BANK0   BANK1   BANK3   BANK2
      Params:         0       0       0       0       0
      Locals:         3       0       0       0       0
      Temps:          0       0       0       0       0
      Totals:         3       0       0       0       0
Total ram usage:        3 bytes
 Hardware stack levels used:    1
 Hardware stack levels required when called:    2
 This function calls:
		_LCD_Write_Char
 This function is called by:
		_main
 This function uses a non-reentrant model


 *************** function _LCD_Write_Char *****************
 Defined at:
		line 54 in file "LCD.c"
 Parameters:    Size  Location     Type
  Data            1    wreg     unsigned char 
 Auto vars:     Size  Location     Type
  Data            1    4[COMMON] unsigned char 
  High4           1    3[COMMON] unsigned char 
  Low4            1    2[COMMON] unsigned char 
 Return value:  Size  Location     Type
                  1    wreg      void 
 Registers used:
		wreg, status,2, status,0, pclath, cstack
 Tracked objects:
		On entry : 
		On exit  : 
		Unchanged: 
 Data sizes:     COMMON   BANK0   BANK1   BANK3   BANK2
      Params:         0       0       0       0       0
      Locals:         3       0       0       0       0
      Temps:          1       0       0       0       0
      Totals:         4       0       0       0       0
Total ram usage:        4 bytes
 Hardware stack levels used:    1
 Hardware stack levels required when called:    1
 This function calls:
		_LCD_Data
 This function is called by:
		_LCD_Write_String
 This function uses a non-reentrant model


 *************** function _LCD_SL *****************
 Defined at:
		line 102 in file "LCD.c"
 Parameters:    Size  Location     Type
		None
 Auto vars:     Size  Location     Type
		None
 Return value:  Size  Location     Type
                  1    wreg      void 
 Registers used:
		wreg, status,2, status,0, pclath, cstack
 Tracked objects:
		On entry : 
		On exit  : 
		Unchanged: 
 Data sizes:     COMMON   BANK0   BANK1   BANK3   BANK2
      Params:         0       0       0       0       0
      Locals:         0       0       0       0       0
      Temps:          0       0       0       0       0
      Totals:         0       0       0       0       0
Total ram usage:        0 bytes
 Hardware stack levels used:    1
 Hardware stack levels required when called:    2
 This function calls:
		_LCD_Command
 This function is called by:
		_main
 This function uses a non-reentrant model


 *************** function _LCD_RL *****************
 Defined at:
		line 107 in file "LCD.c"
 Parameters:    Size  Location     Type
		None
 Auto vars:     Size  Location     Type
		None
 Return value:  Size  Location     Type
                  1    wreg      void 
 Registers used:
		wreg, status,2, status,0, pclath, cstack
 Tracked objects:
		On entry : 
		On exit  : 
		Unchanged: 
 Data sizes:     COMMON   BANK0   BANK1   BANK3   BANK2
      Params:         0       0       0       0       0
      Locals:         0       0       0       0       0
      Temps:          0       0       0       0       0
      Totals:         0       0       0       0       0
Total ram usage:        0 bytes
 Hardware stack levels used:    1
 Hardware stack levels required when called:    2
 This function calls:
		_LCD_Command
 This function is called by:
		_main
 This function uses a non-reentrant model


 *************** function _LCD_Init *****************
 Defined at:
		line 3 in file "LCD.c"
 Parameters:    Size  Location     Type
		None
 Auto vars:     Size  Location     Type
		None
 Return value:  Size  Location     Type
                  1    wreg      void 
 Registers used:
		wreg, status,2, status,0, pclath, cstack
 Tracked objects:
		On entry : 
		On exit  : 
		Unchanged: 
 Data sizes:     COMMON   BANK0   BANK1   BANK3   BANK2
      Params:         0       0       0       0       0
      Locals:         0       0       0       0       0
      Temps:          2       0       0       0       0
      Totals:         2       0       0       0       0
Total ram usage:        2 bytes
 Hardware stack levels used:    1
 Hardware stack levels required when called:    2
 This function calls:
		_LCD_Command
		_LCD_Data
 This function is called by:
		_main
 This function uses a non-reentrant model


 *************** function _LCD_Clear *****************
 Defined at:
		line 98 in file "LCD.c"
 Parameters:    Size  Location     Type
		None
 Auto vars:     Size  Location     Type
		None
 Return value:  Size  Location     Type
                  1    wreg      void 
 Registers used:
		wreg, status,2, status,0, pclath, cstack
 Tracked objects:
		On entry : 
		On exit  : 
		Unchanged: 
 Data sizes:     COMMON   BANK0   BANK1   BANK3   BANK2
      Params:         0       0       0       0       0
      Locals:         0       0       0       0       0
      Temps:          0       0       0       0       0
      Totals:         0       0       0       0       0
Total ram usage:        0 bytes
 Hardware stack levels used:    1
 Hardware stack levels required when called:    2
 This function calls:
		_LCD_Command
 This function is called by:
		_main
 This function uses a non-reentrant model


 *************** function _LCD_Command *****************
 Defined at:
		line 45 in file "LCD.c"
 Parameters:    Size  Location     Type
  command         1    wreg     unsigned char 
 Auto vars:     Size  Location     Type
  command         1    2[COMMON] unsigned char 
 Return value:  Size  Location     Type
                  1    wreg      void 
 Registers used:
		wreg, status,2, status,0, pclath, cstack
 Tracked objects:
		On entry : 
		On exit  : 
		Unchanged: 
 Data sizes:     COMMON   BANK0   BANK1   BANK3   BANK2
      Params:         0       0       0       0       0
      Locals:         1       0       0       0       0
      Temps:          1       0       0       0       0
      Totals:         2       0       0       0       0
Total ram usage:        2 bytes
 Hardware stack levels used:    1
 Hardware stack levels required when called:    1
 This function calls:
		_LCD_Data
 This function is called by:
		_LCD_Init
		_LCD_set_cursor
		_LCD_Clear
		_LCD_SL
		_LCD_RL
 This function uses a non-reentrant model


 *************** function _LCD_Data *****************
 Defined at:
		line 26 in file "LCD.c"
 Parameters:    Size  Location     Type
  Data            1    wreg     unsigned char 
 Auto vars:     Size  Location     Type
  Data            1    0[COMMON] unsigned char 
 Return value:  Size  Location     Type
                  1    wreg      void 
 Registers used:
		wreg
 Tracked objects:
		On entry : 
		On exit  : 
		Unchanged: 
 Data sizes:     COMMON   BANK0   BANK1   BANK3   BANK2
      Params:         0       0       0       0       0
      Locals:         1       0       0       0       0
      Temps:          0       0       0       0       0
      Totals:         1       0       0       0       0
Total ram usage:        1 bytes
 Hardware stack levels used:    1
 This function calls:
		Nothing
 This function is called by:
		_LCD_Init
		_LCD_Command
		_LCD_Write_Char
 This function uses a non-reentrant model



MODULE INFORMATION

Module		Function		Class		Link	Load	Size
shared
		__stringtab    		STRING         	0003	0000	7
		__initialization		CODE           	07FC	0000	1

shared estimated size: 8

main.c
		_main          		CODE           	077A	0000	131

main.c estimated size: 131

LCD.c
		_LCD_set_cursor		CODE           	06CF	0000	76
		_LCD_Init      		CODE           	071A	0000	97
		_LCD_Write_Char		CODE           	068C	0000	68
		_LCD_Command   		CODE           	063A	0000	23
		_LCD_Data      		CODE           	0650	0000	27
		_LCD_Clear     		CODE           	0619	0000	12
		_LCD_RL        		CODE           	0624	0000	12
		_LCD_SL        		CODE           	062F	0000	12
		_LCD_Write_String		CODE           	066A	0000	35

LCD.c estimated size: 362

