Microchip MPLAB XC8 Compiler V1.41 ()

Linker command line:

-W-3 --edf=C:\Program Files (x86)\Microchip\xc8\v1.41\dat\en_msgs.txt -cs \
  -h+dist/default/production\Keybad_With_LCD.X.production.sym \
  --cmf=dist/default/production\Keybad_With_LCD.X.production.cmf -z \
  -Q16F877A -oC:\Users\MOHAME~1\AppData\Local\Temp\s7j4.2 \
  -Mdist/default/production/Keybad_With_LCD.X.production.map -E1 -ver=XC8 \
  -ASTACK=0110h-016fh -pstack=STACK -ACODE=00h-07FFhx4 -ASTRCODE=00h-01FFFh \
  -ASTRING=00h-0FFhx32 -ACONST=00h-0FFhx32 -AENTRY=00h-0FFhx32 \
  -ACOMMON=070h-07Fh -ABANK0=020h-06Fh -ABANK1=0A0h-0EFh \
  -ABANK2=0110h-016Fh -ABANK3=0190h-01EFh \
  -ARAM=020h-06Fh,0A0h-0EFh,0110h-016Fh,0190h-01EFh \
  -AABS1=020h-07Fh,0A0h-0EFh,0110h-016Fh,0190h-01EFh -ASFR0=00h-01Fh \
  -ASFR1=080h-09Fh -ASFR2=0100h-010Fh -ASFR3=0180h-018Fh \
  -preset_vec=00h,intentry,init,end_init -ppowerup=CODE -pcinit=CODE \
  -pfunctab=CODE -ACONFIG=02007h-02007h -pconfig=CONFIG -DCONFIG=2 \
  -AIDLOC=02000h-02003h -pidloc=IDLOC -DIDLOC=2 -AEEDATA=00h-0FFh/02100h \
  -peeprom_data=EEDATA -DEEDATA=2 -DCODE=2 -DSTRCODE=2 -DSTRING=2 -DCONST=2 \
  -DENTRY=2 -k C:\Users\MOHAME~1\AppData\Local\Temp\s7j4.obj \
  dist/default/production\Keybad_With_LCD.X.production.obj 

Object code version is 3.11

Machine type is 16F877A



                Name                               Link     Load   Length Selector   Space Scale
C:\Users\MOHAME~1\AppData\Local\Temp\s7j4.obj
                end_init                              0        0        3        0       0
                config                             2007     2007        1     400E       0
dist/default/production\Keybad_With_LCD.X.production.obj
                cinit                               7F7      7F7        9      FEE       0
                text10                              4C1      4C1       1A      982       0
                text9                               4AB      4AB       16      956       0
                text8                               495      495        B      92A       0
                text7                               48D      48D        8      91A       0
                text6                               5EB      5EB       89      BD6       0
                text5                               4A0      4A0        B      940       0
                text4                               58B      58B       60      B16       0
                text3                               4FD      4FD       43      9FA       0
                text2                               4DB      4DB       22      9B6       0
                text1                               540      540       4B      A80       0
                maintext                            674      674      183      CE8       0
                cstackCOMMON                         70       70        D       70       1
                dataBANK0                            20       20        1       20       1
                bssCOMMON                            7D       7D        1       70       1
                strings                               3        3       19        6       0
                idataBANK0                          48C      48C        1      918       0

TOTAL           Name                               Link     Load   Length     Space
        CLASS   STACK          

        CLASS   CODE           
                end_init                              0        0        3         0
                cinit                               7F7      7F7        9         0
                text10                              4C1      4C1       1A         0
                text9                               4AB      4AB       16         0
                text8                               495      495        B         0
                text7                               48D      48D        8         0
                text6                               5EB      5EB       89         0
                text5                               4A0      4A0        B         0
                text4                               58B      58B       60         0
                text3                               4FD      4FD       43         0
                text2                               4DB      4DB       22         0
                text1                               540      540       4B         0
                maintext                            674      674      183         0
                idataBANK0                          48C      48C        1         0

        CLASS   STRCODE        

        CLASS   STRING         
                strings                               3        3       19         0

        CLASS   CONST          

        CLASS   ENTRY          

        CLASS   COMMON         
                cstackCOMMON                         70       70        D         1
                bssCOMMON                            7D       7D        1         1

        CLASS   BANK0          
                dataBANK0                            20       20        1         1

        CLASS   BANK1          

        CLASS   BANK2          

        CLASS   BANK3          

        CLASS   RAM            

        CLASS   ABS1           
                abs_s1                               7E       7E        2         1

        CLASS   SFR0           

        CLASS   SFR1           

        CLASS   SFR2           

        CLASS   SFR3           

        CLASS   CONFIG         
                config                             2007     2007        1         0

        CLASS   IDLOC          

        CLASS   EEDATA         



SEGMENTS        Name                           Load    Length   Top    Selector   Space  Class     Delta

                reset_vec                      000000  000003  000003         0       0  CODE        2
                strings                        000003  000019  00001C         6       0  STRING      2
                dataBANK0                      000020  000001  000021        20       1  BANK0       1
                cstackCOMMON                   000070  00000E  00007E        70       1  COMMON      1
                idataBANK0                     00048C  000001  00048D       918       0  CODE        2
                text7                          00048D  000008  000495       91A       0  CODE        2
                text8                          000495  00000B  0004A0       92A       0  CODE        2
                text5                          0004A0  00000B  0004AB       940       0  CODE        2
                text9                          0004AB  000016  0004C1       956       0  CODE        2
                text10                         0004C1  00001A  0004DB       982       0  CODE        2
                text2                          0004DB  000022  0004FD       9B6       0  CODE        2
                text3                          0004FD  000043  000540       9FA       0  CODE        2
                text1                          000540  00004B  00058B       A80       0  CODE        2
                text4                          00058B  000060  0005EB       B16       0  CODE        2
                text6                          0005EB  000089  000674       BD6       0  CODE        2
                maintext                       000674  000183  0007F7       CE8       0  CODE        2
                cinit                          0007F7  000009  000800       FEE       0  CODE        2
                config                         002007  000001  002008      400E       0  CONFIG      2


UNUSED ADDRESS RANGES

        Name                Unused          Largest block    Delta
        BANK0            0021-006F             4F           1
        BANK1            00A0-00EF             50           1
        BANK2            0110-016F             60           1
        BANK3            0190-01EF             60           1
        CODE             001C-048B            470           2
                         0800-1FFF            800
        CONST            001C-048B            100           2
                         0800-1FFF            100
        EEDATA           2100-21FF            100           2
        ENTRY            001C-048B            100           2
                         0800-1FFF            100
        IDLOC            2000-2003              4           2
        RAM              0021-006F             4F           1
                         00A0-00EF             50
                         0110-016F             60
                         0190-01EF             60
        SFR0             0000-001F             20           1
        SFR1             0080-009F             20           1
        SFR2             0100-010F             10           1
        SFR3             0180-018F             10           1
        STACK            0110-016F             60           1
        STRCODE          001C-048B            470           2
                         0800-1FFF           1800
        STRING           001C-048B            100           2
                         0800-1FFF            100

                                  Symbol Table

LCD_Command@command        cstackCOMMON 0072
LCD_Data@Data              cstackCOMMON 0070
LCD_Write_Char@Data        cstackCOMMON 0074
LCD_Write_Char@High4       cstackCOMMON 0073
LCD_Write_Char@Low4        cstackCOMMON 0072
LCD_Write_String@Str       cstackCOMMON 0077
LCD_Write_String@i         cstackCOMMON 0075
LCD_set_cursor@c           cstackCOMMON 0073
LCD_set_cursor@high4       cstackCOMMON 0077
LCD_set_cursor@low4        cstackCOMMON 0078
LCD_set_cursor@r           cstackCOMMON 0076
LCD_set_cursor@temp        cstackCOMMON 0079
_Entry_Mode_Set            text8        0495
_Keybad_Init               text7        048D
_Keybad_Scanner            text6        05EB
_LCD_Clear                 text5        04A0
_LCD_Command               text9        04AB
_LCD_Data                  text10       04C1
_LCD_Init                  text4        058B
_LCD_Write_Char            text3        04FD
_LCD_Write_String          text2        04DB
_LCD_set_cursor            text1        0540
_PORTD                     (abs)        0008
_RB0                       (abs)        0030
_RB1                       (abs)        0031
_RB2                       (abs)        0032
_RB3                       (abs)        0033
_RB4                       (abs)        0034
_RB5                       (abs)        0035
_RD0                       (abs)        0040
_RD1                       (abs)        0041
_RD2                       (abs)        0042
_RD3                       (abs)        0043
_RD4                       (abs)        0044
_RD5                       (abs)        0045
_RD6                       (abs)        0046
_RD7                       (abs)        0047
_TRISB                     (abs)        0086
_TRISB4                    (abs)        0434
_TRISB5                    (abs)        0435
_TRISD                     (abs)        0088
__CFG_BOREN$ON             (abs)        0000
__CFG_CP$OFF               (abs)        0000
__CFG_CPD$OFF              (abs)        0000
__CFG_FOSC$XT              (abs)        0000
__CFG_LVP$OFF              (abs)        0000
__CFG_PWRTE$ON             (abs)        0000
__CFG_WDTE$OFF             (abs)        0000
__CFG_WRT$OFF              (abs)        0000
__Habs1                    abs1         0000
__Hbank0                   bank0        0000
__Hbank1                   bank1        0000
__Hbank2                   bank2        0000
__Hbank3                   bank3        0000
__HbssCOMMON               bssCOMMON    0000
__Hcinit                   cinit        0800
__Hclrtext                 clrtext      0000
__Hcode                    code         0000
__Hcommon                  common       0000
__Hconfig                  config       2008
__HcstackCOMMON            cstackCOMMON 0000
__HdataBANK0               dataBANK0    0000
__Heeprom_data             eeprom_data  0000
__Hend_init                end_init     0003
__Hfunctab                 functab      0000
__HidataBANK0              idataBANK0   0000
__Hidloc                   idloc        0000
__Hinit                    init         0000
__Hintentry                intentry     0000
__Hmaintext                maintext     0000
__Hpowerup                 powerup      0000
__Hram                     ram          0000
__Hreset_vec               reset_vec    0000
__Hsfr0                    sfr0         0000
__Hsfr1                    sfr1         0000
__Hsfr2                    sfr2         0000
__Hsfr3                    sfr3         0000
__Hspace_0                 (abs)        2008
__Hspace_1                 (abs)        007E
__Hspace_2                 (abs)        0000
__Hspace_3                 (abs)        0000
__Hstack                   stack        0000
__Hstrings                 strings      0000
__Htext                    text         0000
__Labs1                    abs1         0000
__Lbank0                   bank0        0000
__Lbank1                   bank1        0000
__Lbank2                   bank2        0000
__Lbank3                   bank3        0000
__LbssCOMMON               bssCOMMON    0000
__Lcinit                   cinit        07F7
__Lclrtext                 clrtext      0000
__Lcode                    code         0000
__Lcommon                  common       0000
__Lconfig                  config       2007
__LcstackCOMMON            cstackCOMMON 0000
__LdataBANK0               dataBANK0    0000
__Leeprom_data             eeprom_data  0000
__Lend_init                end_init     0000
__Lfunctab                 functab      0000
__LidataBANK0              idataBANK0   0000
__Lidloc                   idloc        0000
__Linit                    init         0000
__Lintentry                intentry     0000
__Lmaintext                maintext     0000
__Lpowerup                 powerup      0000
__Lram                     ram          0000
__Lreset_vec               reset_vec    0000
__Lsfr0                    sfr0         0000
__Lsfr1                    sfr1         0000
__Lsfr2                    sfr2         0000
__Lsfr3                    sfr3         0000
__Lspace_0                 (abs)        0000
__Lspace_1                 (abs)        0000
__Lspace_2                 (abs)        0000
__Lspace_3                 (abs)        0000
__Lstack                   stack        0000
__Lstrings                 strings      0000
__Ltext                    text         0000
__S0                       (abs)        2008
__S1                       (abs)        007E
__S2                       (abs)        0000
__S3                       (abs)        0000
___int_sp                  stack        0000
___latbits                 (abs)        0002
___sp                      stack        0000
__end_of_Entry_Mode_Set    text8        04A0
__end_of_Keybad_Init       text7        0495
__end_of_Keybad_Scanner    text6        0674
__end_of_LCD_Clear         text5        04AB
__end_of_LCD_Command       text9        04C1
__end_of_LCD_Data          text10       04DB
__end_of_LCD_Init          text4        05EB
__end_of_LCD_Write_Char    text3        0540
__end_of_LCD_Write_String  text2        04FD
__end_of_LCD_set_cursor    text1        058B
__end_of__initialization   cinit        07FC
__end_of__stringtab        strings      0009
__end_of_main              maintext     07F7
__initialization           cinit        07F7
__pbssCOMMON               bssCOMMON    007D
__pcstackCOMMON            cstackCOMMON 0070
__pdataBANK0               dataBANK0    0020
__pidataBANK0              idataBANK0   048C
__pmaintext                maintext     0674
__pstrings                 strings      0003
__ptext1                   text1        0540
__ptext10                  text10       04C1
__ptext2                   text2        04DB
__ptext3                   text3        04FD
__ptext4                   text4        058B
__ptext5                   text5        04A0
__ptext6                   text6        05EB
__ptext7                   text7        048D
__ptext8                   text8        0495
__ptext9                   text9        04AB
__size_of_Entry_Mode_Set   (abs)        0000
__size_of_Keybad_Init      (abs)        0000
__size_of_Keybad_Scanner   (abs)        0000
__size_of_LCD_Clear        (abs)        0000
__size_of_LCD_Command      (abs)        0000
__size_of_LCD_Data         (abs)        0000
__size_of_LCD_Init         (abs)        0000
__size_of_LCD_Write_Char   (abs)        0000
__size_of_LCD_Write_String (abs)        0000
__size_of_LCD_set_cursor   (abs)        0000
__size_of_main             (abs)        0000
__stringbase               strings      0008
__stringtab                strings      0003
_key                       bssCOMMON    007D
_line                      dataBANK0    0020
_main                      maintext     0674
btemp                      (abs)        007E
end_of_initialization      cinit        07FC
intlevel0                  functab      0000
intlevel1                  functab      0000
intlevel2                  functab      0000
intlevel3                  functab      0000
intlevel4                  functab      0000
intlevel5                  functab      0000
reset_vec                  reset_vec    0000
stackhi                    (abs)        0000
stacklo                    (abs)        0000
start                      init         0000
start_initialization       cinit        07F7
wtemp0                     (abs)        007E


FUNCTION INFORMATION:

 *************** function _main *****************
 Defined at:
		line 15 in file "main.c"
 Parameters:    Size  Location     Type
		None
 Auto vars:     Size  Location     Type
		None
 Return value:  Size  Location     Type
                  1    wreg      void 
 Registers used:
		wreg, fsr0l, fsr0h, status,2, status,0, pclath, cstack
 Tracked objects:
		On entry : 
		On exit  : 
		Unchanged: 
 Data sizes:     COMMON   BANK0   BANK1   BANK3   BANK2
      Params:         0       0       0       0       0
      Locals:         0       0       0       0       0
      Temps:          3       0       0       0       0
      Totals:         3       0       0       0       0
Total ram usage:        3 bytes
 Hardware stack levels required when called:    3
 This function calls:
		_Entry_Mode_Set
		_Keybad_Init
		_Keybad_Scanner
		_LCD_Clear
		_LCD_Init
		_LCD_Write_Char
		_LCD_Write_String
		_LCD_set_cursor
 This function is called by:
		Startup code after reset
 This function uses a non-reentrant model


 *************** function _LCD_set_cursor *****************
 Defined at:
		line 77 in file "LCD.c"
 Parameters:    Size  Location     Type
  r               1    wreg     unsigned char 
  c               1    3[COMMON] unsigned char 
 Auto vars:     Size  Location     Type
  r               1    6[COMMON] unsigned char 
  temp            1    9[COMMON] unsigned char 
  low4            1    8[COMMON] unsigned char 
  high4           1    7[COMMON] unsigned char 
 Return value:  Size  Location     Type
                  1    wreg      void 
 Registers used:
		wreg, status,2, status,0, pclath, cstack
 Tracked objects:
		On entry : 
		On exit  : 
		Unchanged: 
 Data sizes:     COMMON   BANK0   BANK1   BANK3   BANK2
      Params:         1       0       0       0       0
      Locals:         4       0       0       0       0
      Temps:          2       0       0       0       0
      Totals:         7       0       0       0       0
Total ram usage:        7 bytes
 Hardware stack levels used:    1
 Hardware stack levels required when called:    2
 This function calls:
		_LCD_Command
 This function is called by:
		_main
 This function uses a non-reentrant model


 *************** function _LCD_Write_String *****************
 Defined at:
		line 71 in file "LCD.c"
 Parameters:    Size  Location     Type
  Str             1    wreg     PTR unsigned char 
		 -> STR_2(9), STR_1(10), 
 Auto vars:     Size  Location     Type
  Str             1    7[COMMON] PTR unsigned char 
		 -> STR_2(9), STR_1(10), 
  i               2    5[COMMON] int 
 Return value:  Size  Location     Type
                  1    wreg      void 
 Registers used:
		wreg, fsr0l, fsr0h, status,2, status,0, pclath, cstack
 Tracked objects:
		On entry : 
		On exit  : 
		Unchanged: 
 Data sizes:     COMMON   BANK0   BANK1   BANK3   BANK2
      Params:         0       0       0       0       0
      Locals:         3       0       0       0       0
      Temps:          0       0       0       0       0
      Totals:         3       0       0       0       0
Total ram usage:        3 bytes
 Hardware stack levels used:    1
 Hardware stack levels required when called:    2
 This function calls:
		_LCD_Write_Char
 This function is called by:
		_main
 This function uses a non-reentrant model


 *************** function _LCD_Write_Char *****************
 Defined at:
		line 54 in file "LCD.c"
 Parameters:    Size  Location     Type
  Data            1    wreg     unsigned char 
 Auto vars:     Size  Location     Type
  Data            1    4[COMMON] unsigned char 
  High4           1    3[COMMON] unsigned char 
  Low4            1    2[COMMON] unsigned char 
 Return value:  Size  Location     Type
                  1    wreg      void 
 Registers used:
		wreg, status,2, status,0, pclath, cstack
 Tracked objects:
		On entry : 
		On exit  : 
		Unchanged: 
 Data sizes:     COMMON   BANK0   BANK1   BANK3   BANK2
      Params:         0       0       0       0       0
      Locals:         3       0       0       0       0
      Temps:          1       0       0       0       0
      Totals:         4       0       0       0       0
Total ram usage:        4 bytes
 Hardware stack levels used:    1
 Hardware stack levels required when called:    1
 This function calls:
		_LCD_Data
 This function is called by:
		_LCD_Write_String
		_main
 This function uses a non-reentrant model


 *************** function _LCD_Init *****************
 Defined at:
		line 3 in file "LCD.c"
 Parameters:    Size  Location     Type
		None
 Auto vars:     Size  Location     Type
		None
 Return value:  Size  Location     Type
                  1    wreg      void 
 Registers used:
		wreg, status,2, status,0, pclath, cstack
 Tracked objects:
		On entry : 
		On exit  : 
		Unchanged: 
 Data sizes:     COMMON   BANK0   BANK1   BANK3   BANK2
      Params:         0       0       0       0       0
      Locals:         0       0       0       0       0
      Temps:          2       0       0       0       0
      Totals:         2       0       0       0       0
Total ram usage:        2 bytes
 Hardware stack levels used:    1
 Hardware stack levels required when called:    2
 This function calls:
		_LCD_Command
		_LCD_Data
 This function is called by:
		_main
 This function uses a non-reentrant model


 *************** function _LCD_Clear *****************
 Defined at:
		line 98 in file "LCD.c"
 Parameters:    Size  Location     Type
		None
 Auto vars:     Size  Location     Type
		None
 Return value:  Size  Location     Type
                  1    wreg      void 
 Registers used:
		wreg, status,2, status,0, pclath, cstack
 Tracked objects:
		On entry : 
		On exit  : 
		Unchanged: 
 Data sizes:     COMMON   BANK0   BANK1   BANK3   BANK2
      Params:         0       0       0       0       0
      Locals:         0       0       0       0       0
      Temps:          0       0       0       0       0
      Totals:         0       0       0       0       0
Total ram usage:        0 bytes
 Hardware stack levels used:    1
 Hardware stack levels required when called:    2
 This function calls:
		_LCD_Command
 This function is called by:
		_main
 This function uses a non-reentrant model


 *************** function _Keybad_Scanner *****************
 Defined at:
		line 11 in file "Keybad.c"
 Parameters:    Size  Location     Type
		None
 Auto vars:     Size  Location     Type
		None
 Return value:  Size  Location     Type
                  1    wreg      unsigned char 
 Registers used:
		wreg
 Tracked objects:
		On entry : 
		On exit  : 
		Unchanged: 
 Data sizes:     COMMON   BANK0   BANK1   BANK3   BANK2
      Params:         0       0       0       0       0
      Locals:         0       0       0       0       0
      Temps:          2       0       0       0       0
      Totals:         2       0       0       0       0
Total ram usage:        2 bytes
 Hardware stack levels used:    1
 This function calls:
		Nothing
 This function is called by:
		_main
 This function uses a non-reentrant model


 *************** function _Keybad_Init *****************
 Defined at:
		line 7 in file "Keybad.c"
 Parameters:    Size  Location     Type
		None
 Auto vars:     Size  Location     Type
		None
 Return value:  Size  Location     Type
                  1    wreg      void 
 Registers used:
		wreg, status,2
 Tracked objects:
		On entry : 
		On exit  : 
		Unchanged: 
 Data sizes:     COMMON   BANK0   BANK1   BANK3   BANK2
      Params:         0       0       0       0       0
      Locals:         0       0       0       0       0
      Temps:          0       0       0       0       0
      Totals:         0       0       0       0       0
Total ram usage:        0 bytes
 Hardware stack levels used:    1
 This function calls:
		Nothing
 This function is called by:
		_main
 This function uses a non-reentrant model


 *************** function _Entry_Mode_Set *****************
 Defined at:
		line 116 in file "LCD.c"
 Parameters:    Size  Location     Type
		None
 Auto vars:     Size  Location     Type
		None
 Return value:  Size  Location     Type
                  1    wreg      void 
 Registers used:
		wreg, status,2, status,0, pclath, cstack
 Tracked objects:
		On entry : 
		On exit  : 
		Unchanged: 
 Data sizes:     COMMON   BANK0   BANK1   BANK3   BANK2
      Params:         0       0       0       0       0
      Locals:         0       0       0       0       0
      Temps:          0       0       0       0       0
      Totals:         0       0       0       0       0
Total ram usage:        0 bytes
 Hardware stack levels used:    1
 Hardware stack levels required when called:    2
 This function calls:
		_LCD_Command
 This function is called by:
		_main
 This function uses a non-reentrant model


 *************** function _LCD_Command *****************
 Defined at:
		line 45 in file "LCD.c"
 Parameters:    Size  Location     Type
  command         1    wreg     unsigned char 
 Auto vars:     Size  Location     Type
  command         1    2[COMMON] unsigned char 
 Return value:  Size  Location     Type
                  1    wreg      void 
 Registers used:
		wreg, status,2, status,0, pclath, cstack
 Tracked objects:
		On entry : 
		On exit  : 
		Unchanged: 
 Data sizes:     COMMON   BANK0   BANK1   BANK3   BANK2
      Params:         0       0       0       0       0
      Locals:         1       0       0       0       0
      Temps:          1       0       0       0       0
      Totals:         2       0       0       0       0
Total ram usage:        2 bytes
 Hardware stack levels used:    1
 Hardware stack levels required when called:    1
 This function calls:
		_LCD_Data
 This function is called by:
		_LCD_Init
		_LCD_set_cursor
		_LCD_Clear
		_Entry_Mode_Set
		_LCD_SL
		_LCD_RL
		_LCD_Shift_Cursor_Right
 This function uses a non-reentrant model


 *************** function _LCD_Data *****************
 Defined at:
		line 26 in file "LCD.c"
 Parameters:    Size  Location     Type
  Data            1    wreg     unsigned char 
 Auto vars:     Size  Location     Type
  Data            1    0[COMMON] unsigned char 
 Return value:  Size  Location     Type
                  1    wreg      void 
 Registers used:
		wreg
 Tracked objects:
		On entry : 
		On exit  : 
		Unchanged: 
 Data sizes:     COMMON   BANK0   BANK1   BANK3   BANK2
      Params:         0       0       0       0       0
      Locals:         1       0       0       0       0
      Temps:          0       0       0       0       0
      Totals:         1       0       0       0       0
Total ram usage:        1 bytes
 Hardware stack levels used:    1
 This function calls:
		Nothing
 This function is called by:
		_LCD_Init
		_LCD_Command
		_LCD_Write_Char
 This function uses a non-reentrant model



MODULE INFORMATION

Module		Function		Class		Link	Load	Size
shared
		__stringtab    		STRING         	0003	0000	7
		__initialization		CODE           	07F7	0000	6

shared estimated size: 13

Keybad.c
		_Keybad_Init   		CODE           	048D	0000	9
		_Keybad_Scanner		CODE           	05EB	0000	138

Keybad.c estimated size: 147

main.c
		_main          		CODE           	0674	0000	388

main.c estimated size: 388

LCD.c
		_LCD_set_cursor		CODE           	0540	0000	76
		_LCD_Init      		CODE           	058B	0000	97
		_LCD_Write_Char		CODE           	04FD	0000	68
		_LCD_Command   		CODE           	04AB	0000	23
		_LCD_Data      		CODE           	04C1	0000	27
		_LCD_Clear     		CODE           	04A0	0000	12
		_Entry_Mode_Set		CODE           	0495	0000	12
		_LCD_Write_String		CODE           	04DB	0000	35

LCD.c estimated size: 350

